# This file was autogenerated by uv via the following command:
#    uv export --frozen --extra dev --extra platform --extra benchmark --no-emit-project --no-hashes --output-file /var/folders/0p/8ghvc61s6r90fr5zyyq6603m0000gn/T/forgeharness-clean-m6itk_fs/requirements.txt
annotated-doc==0.0.5
    # via
    #   fastapi
    #   typer
annotated-types==0.8.0
    # via pydantic
anyio==4.14.2
    # via
    #   httpx
    #   starlette
arq==0.28.0
    # via forgeharness
asyncpg==0.31.0
    # via forgeharness
attrs==26.1.0
    # via
    #   jsonschema
    #   referencing
bidict==0.24.1
    # via python-socketio
blinker==1.9.0
    # via flask
brotli==1.2.0
    # via geventhttpclient
certifi==2026.7.22
    # via
    #   geventhttpclient
    #   httpcore
    #   httpx
    #   requests
cffi==2.1.1 ; (implementation_name == 'pypy' and platform_python_implementation != 'CPython') or (implementation_name == 'pypy' and sys_platform != 'win32') or (platform_python_implementation == 'CPython' and sys_platform == 'win32')
    # via
    #   gevent
    #   pyzmq
charset-normalizer==3.5.1
    # via requests
click==8.5.0
    # via
    #   arq
    #   flask
    #   uvicorn
colorama==0.4.6 ; sys_platform == 'win32'
    # via
    #   pytest
    #   typer
configargparse==1.7.5
    # via locust
coverage==7.16.0
    # via pytest-cov
fastapi==0.141.1
    # via forgeharness
flask==3.1.3
    # via
    #   flask-cors
    #   flask-login
    #   locust
flask-cors==6.0.5
    # via locust
flask-login==0.6.3
    # via locust
gevent==26.8.0
    # via
    #   geventhttpclient
    #   locust
geventhttpclient==2.3.9
    # via locust
greenlet==3.5.5 ; platform_python_implementation == 'CPython'
    # via gevent
grpcio==1.83.1
    # via qdrant-client
h11==0.16.0
    # via
    #   httpcore
    #   uvicorn
    #   wsproto
h2==4.4.1
    # via httpx
hiredis==3.4.1
    # via redis
hpack==4.2.0
    # via h2
httpcore==1.0.9
    # via httpx
httpx==0.28.1
    # via
    #   forgeharness
    #   qdrant-client
hyperframe==6.1.0
    # via h2
idna==3.19
    # via
    #   anyio
    #   httpx
    #   requests
iniconfig==2.3.0
    # via pytest
itsdangerous==2.2.0
    # via flask
jinja2==3.1.6
    # via flask
jsonschema==4.26.0
    # via forgeharness
jsonschema-specifications==2025.9.1
    # via jsonschema
librt==0.15.0 ; platform_python_implementation != 'PyPy'
    # via mypy
locust==2.46.4
    # via forgeharness
markdown-it-py==4.2.0
    # via rich
markupsafe==3.0.3
    # via
    #   flask
    #   jinja2
    #   werkzeug
mdurl==0.1.2
    # via markdown-it-py
msgpack==1.2.2
    # via locust
mypy==1.20.2
    # via forgeharness
mypy-extensions==1.1.0
    # via mypy
numpy==2.5.2
    # via qdrant-client
packaging==26.3
    # via pytest
pathspec==1.1.1
    # via mypy
pillow==12.3.0
    # via forgeharness
pluggy==1.6.0
    # via
    #   pytest
    #   pytest-cov
portalocker==3.2.0
    # via qdrant-client
protobuf==7.36.1
    # via qdrant-client
psutil==7.2.2
    # via locust
pycparser==3.0 ; (implementation_name == 'pypy' and platform_python_implementation != 'CPython') or (implementation_name != 'PyPy' and platform_python_implementation == 'CPython' and sys_platform == 'win32') or (implementation_name == 'pypy' and sys_platform != 'win32')
    # via cffi
pydantic==2.13.5
    # via
    #   fastapi
    #   forgeharness
    #   pydantic-settings
    #   qdrant-client
pydantic-core==2.46.5
    # via pydantic
pydantic-settings==2.15.0
    # via forgeharness
pygments==2.21.0
    # via
    #   pytest
    #   rich
pyjwt==2.13.0
    # via redis
pypdf==6.16.2
    # via forgeharness
pytest==9.1.1
    # via
    #   forgeharness
    #   locust
    #   pytest-asyncio
    #   pytest-cov
pytest-asyncio==1.4.0
    # via forgeharness
pytest-cov==6.3.0
    # via forgeharness
python-dotenv==1.2.3
    # via pydantic-settings
python-engineio==4.14.0
    # via
    #   locust
    #   python-socketio
python-multipart==0.0.32
    # via forgeharness
python-socketio==5.16.4
    # via locust
pywin32==312 ; sys_platform == 'win32'
    # via
    #   locust
    #   portalocker
pyyaml==6.0.3
    # via forgeharness
pyzmq==27.2.0
    # via locust
qdrant-client==1.19.0
    # via forgeharness
redis==5.3.1
    # via
    #   arq
    #   forgeharness
referencing==0.37.0
    # via
    #   jsonschema
    #   jsonschema-specifications
    #   types-jsonschema
requests==2.34.2
    # via
    #   locust
    #   python-socketio
rich==15.0.0
    # via typer
rpds-py==2026.6.3
    # via
    #   jsonschema
    #   referencing
ruff==0.16.5
    # via forgeharness
shellingham==1.5.4
    # via typer
simple-websocket==1.1.0
    # via python-engineio
starlette==1.6.0
    # via fastapi
typer==0.27.2
    # via forgeharness
types-jsonschema==4.26.0.20260518
    # via forgeharness
types-pyyaml==6.0.12.20260815
    # via forgeharness
typing-extensions==4.16.0
    # via
    #   anyio
    #   fastapi
    #   grpcio
    #   mypy
    #   pydantic
    #   pydantic-core
    #   pytest-asyncio
    #   referencing
    #   starlette
    #   typing-inspection
typing-inspection==0.4.4
    # via
    #   fastapi
    #   pydantic
    #   pydantic-settings
urllib3==2.7.0
    # via
    #   geventhttpclient
    #   qdrant-client
    #   requests
uvicorn==0.52.4
    # via forgeharness
websocket-client==1.9.2
    # via python-socketio
werkzeug==3.1.8
    # via
    #   flask
    #   flask-cors
    #   flask-login
    #   locust
wsproto==1.3.2
    # via simple-websocket
zope-event==6.2
    # via gevent
zope-interface==8.6
    # via gevent
