Using Python 3.12.13 environment at: /var/folders/0p/8ghvc61s6r90fr5zyyq6603m0000gn/T/forgeharness-clean-m6itk_fs/candidate/.venv
Resolved 89 packages in 539ms
   Building forgeharness @ file:///var/folders/0p/8ghvc61s6r90fr5zyyq6603m0000gn/T/forgeharness-clean-m6itk_fs/candidate
Downloading pillow (4.6MiB)
Downloading grpcio (11.6MiB)
      Built forgeharness @ file:///var/folders/0p/8ghvc61s6r90fr5zyyq6603m0000gn/T/forgeharness-clean-m6itk_fs/candidate
 Downloaded pillow
 Downloaded grpcio
Prepared 13 packages in 1.40s
Installed 89 packages in 225ms
 + annotated-doc==0.0.5
 + annotated-types==0.8.0
 + anyio==4.14.2
 + arq==0.28.0
 + asyncpg==0.31.0
 + attrs==26.1.0
 + bidict==0.24.1
 + blinker==1.9.0
 + brotli==1.2.0
 + certifi==2026.7.22
 + charset-normalizer==3.5.1
 + click==8.5.0
 + configargparse==1.7.5
 + coverage==7.16.0
 + fastapi==0.141.1
 + flask==3.1.3
 + flask-cors==6.0.5
 + flask-login==0.6.3
 + forgeharness==0.1.0 (from file:///var/folders/0p/8ghvc61s6r90fr5zyyq6603m0000gn/T/forgeharness-clean-m6itk_fs/candidate)
 + gevent==26.8.0
 + geventhttpclient==2.3.9
 + greenlet==3.5.5
 + grpcio==1.83.1
 + h11==0.16.0
 + h2==4.4.1
 + hiredis==3.4.1
 + hpack==4.2.0
 + httpcore==1.0.9
 + httpx==0.28.1
 + hyperframe==6.1.0
 + idna==3.19
 + iniconfig==2.3.0
 + itsdangerous==2.2.0
 + jinja2==3.1.6
 + jsonschema==4.26.0
 + jsonschema-specifications==2025.9.1
 + librt==0.15.0
 + locust==2.46.4
 + markdown-it-py==4.2.0
 + markupsafe==3.0.3
 + mdurl==0.1.2
 + msgpack==1.2.2
 + mypy==1.20.2
 + mypy-extensions==1.1.0
 + numpy==2.5.2
 + packaging==26.3
 + pathspec==1.1.1
 + pillow==12.3.0
 + pluggy==1.6.0
 + portalocker==3.2.0
 + protobuf==7.36.1
 + psutil==7.2.2
 + pydantic==2.13.5
 + pydantic-core==2.46.5
 + pydantic-settings==2.15.0
 + pygments==2.21.0
 + pyjwt==2.13.0
 + pypdf==6.16.2
 + pytest==9.1.1
 + pytest-asyncio==1.4.0
 + pytest-cov==6.3.0
 + python-dotenv==1.2.3
 + python-engineio==4.14.0
 + python-multipart==0.0.32
 + python-socketio==5.16.4
 + pyyaml==6.0.3
 + pyzmq==27.2.0
 + qdrant-client==1.19.0
 + redis==5.3.1
 + referencing==0.37.0
 + requests==2.34.2
 + rich==15.0.0
 + rpds-py==2026.6.3
 + ruff==0.16.5
 + shellingham==1.5.4
 + simple-websocket==1.1.0
 + starlette==1.6.0
 + typer==0.27.2
 + types-jsonschema==4.26.0.20260518
 + types-pyyaml==6.0.12.20260815
 + typing-extensions==4.16.0
 + typing-inspection==0.4.4
 + urllib3==2.7.0
 + uvicorn==0.52.4
 + websocket-client==1.9.2
 + werkzeug==3.1.8
 + wsproto==1.3.2
 + zope-event==6.2
 + zope-interface==8.6
